---
source: crates/kybern-protocol/tests/schema_snapshot.rs
expression: names
---
- daemon.info
- daemon.shutdown
- daemon.activity
- providers.list
- harness_updates.list
- harness_updates.run
- projects.list
- projects.browse
- projects.add
- projects.update
- projects.remove
- threads.list
- threads.create
- threads.get
- threads.update
- threads.archive
- threads.send
- queue.add
- queue.list
- queue.remove
- threads.interrupt
- tasks.list
- tasks.stop
- tasks.background
- threads.regenerateTitle
- threads.checkpoints
- threads.diff
- threads.revert
- terminals.create
- terminals.list
- terminals.input
- terminals.resize
- terminals.close
- terminals.subscribe
- terminals.unsubscribe
- settings.get
- settings.update
- usage.summary
- access.pairing.create
- access.tokens.list
- access.tokens.revoke
- git.status
- git.branches
- git.commit
- github.pr.create
- github.pr.list
- files.search
- files.list
- files.read
- skills.list
- approvals.respond
- approvals.list
- events.subscribe
- events.unsubscribe
- events.range
