---
source: crates/kybern-protocol/tests/schema_snapshot.rs
expression: scopes
---
- - daemon.info
  - ~
- - daemon.shutdown
  - "access:write"
- - daemon.activity
  - "orchestration:read"
- - providers.list
  - "orchestration:read"
- - harness_updates.list
  - "orchestration:read"
- - harness_updates.run
  - "orchestration:operate"
- - projects.list
  - "orchestration:read"
- - projects.browse
  - "orchestration:read"
- - projects.add
  - "orchestration:operate"
- - projects.update
  - "orchestration:operate"
- - projects.remove
  - "orchestration:operate"
- - threads.list
  - "orchestration:read"
- - threads.create
  - "orchestration:operate"
- - threads.get
  - "orchestration:read"
- - threads.update
  - "orchestration:operate"
- - threads.archive
  - "orchestration:operate"
- - threads.send
  - "orchestration:operate"
- - queue.add
  - "orchestration:operate"
- - queue.list
  - "orchestration:read"
- - queue.remove
  - "orchestration:operate"
- - threads.interrupt
  - "orchestration:operate"
- - tasks.list
  - "orchestration:read"
- - tasks.stop
  - "orchestration:operate"
- - tasks.background
  - "orchestration:operate"
- - threads.regenerateTitle
  - "orchestration:operate"
- - threads.checkpoints
  - "orchestration:read"
- - threads.diff
  - "orchestration:read"
- - threads.revert
  - "orchestration:operate"
- - terminals.create
  - "terminal:operate"
- - terminals.list
  - "terminal:operate"
- - terminals.input
  - "terminal:operate"
- - terminals.resize
  - "terminal:operate"
- - terminals.close
  - "terminal:operate"
- - terminals.subscribe
  - "terminal:operate"
- - terminals.unsubscribe
  - "terminal:operate"
- - settings.get
  - "orchestration:read"
- - settings.update
  - "orchestration:operate"
- - usage.summary
  - "orchestration:read"
- - access.pairing.create
  - "access:write"
- - access.exposure.get
  - "access:read"
- - access.exposure.set
  - "access:write"
- - access.tokens.list
  - "access:read"
- - access.tokens.revoke
  - "access:write"
- - git.status
  - "orchestration:read"
- - git.branches
  - "orchestration:read"
- - git.commit
  - "orchestration:operate"
- - github.pr.create
  - "orchestration:operate"
- - github.pr.list
  - "orchestration:read"
- - files.search
  - "orchestration:read"
- - files.list
  - "orchestration:read"
- - files.read
  - "orchestration:read"
- - skills.list
  - "orchestration:read"
- - approvals.respond
  - "orchestration:operate"
- - approvals.list
  - "orchestration:read"
- - events.subscribe
  - "orchestration:read"
- - events.unsubscribe
  - "orchestration:read"
- - events.range
  - "orchestration:read"
